C51 COMPILER V9.00   MAIN                                                                  07/13/2023 14:42:02 PAGE 1   


C51 COMPILER V9.00, COMPILATION OF MODULE MAIN
OBJECT MODULE PLACED IN main.OBJ
COMPILER INVOKED BY: F:\µ¥Æ¬»ú\C51\BIN\C51.EXE main.c BROWSE DEBUG OBJECTEXTEND

line level    source

   1          #include<regx52.h>
   2          unsigned char Nixietable[]={
   3          0x3F,0x06,0x5B,0x4F,0x66,0x6D,0x7D,0x07,0x7F,0x6F
   4          };
   5          void Delay(unsigned int xms)            //@12.000MHz
   6          {
   7   1              unsigned char data i, j;
   8   1              while(xms--)
   9   1              {
  10   2              i = 12;
  11   2              j = 169;
  12   2              do
  13   2              {
  14   3                      while (--j);
  15   3              } while (--i);
  16   2              }
  17   1      
  18   1      }
  19          void Nixie(unsigned char location,number)
  20          {
  21   1         switch(location)
  22   1         {
  23   2                      case 1:
  24   2                      P2_4=1,P2_3=1,P2_2=1;break;
  25   2                              case 2:
  26   2                      P2_4=1,P2_3=1,P2_2=0;break;
  27   2                              case 3:
  28   2                      P2_4=1,P2_3=0,P2_2=1;break;
  29   2                              case 4:
  30   2                      P2_4=1,P2_3=0,P2_2=0;break;
  31   2                              case 5:
  32   2                      P2_4=0,P2_3=1,P2_2=1;break;
  33   2                              case 6:
  34   2                      P2_4=0,P2_3=1,P2_2=0;break;
  35   2                              case 7:
  36   2                      P2_4=0,P2_3=0,P2_2=1;break;
  37   2                              case 8:
  38   2                      P2_4=0,P2_3=0,P2_2=0;break;
  39   2         }
  40   1         P0=Nixietable[number];
  41   1         Delay(1);
  42   1         P0=0x00;
  43   1      }
  44          void main()
  45          {
  46   1      
  47   1       while(1)
  48   1       {
  49   2              Nixie(1,1);
  50   2      //      Delay(200);
  51   2              Nixie(2,2);
  52   2      //      Delay(200);
  53   2              Nixie(3,3);
  54   2      //              Delay(200);
  55   2                      Nixie(4,4);
C51 COMPILER V9.00   MAIN                                                                  07/13/2023 14:42:02 PAGE 2   

  56   2      //              Delay(200);
  57   2      
  58   2       }
  59   1      
  60   1      }


MODULE INFORMATION:   STATIC OVERLAYABLE
   CODE SIZE        =    168    ----
   CONSTANT SIZE    =   ----    ----
   XDATA SIZE       =   ----    ----
   PDATA SIZE       =   ----    ----
   DATA SIZE        =     10    ----
   IDATA SIZE       =   ----    ----
   BIT SIZE         =   ----    ----
END OF MODULE INFORMATION.


C51 COMPILATION COMPLETE.  0 WARNING(S),  0 ERROR(S)
