C51 COMPILER V9.00   MATRIXKEY                                                             08/11/2023 00:25:34 PAGE 1   


C51 COMPILER V9.00, COMPILATION OF MODULE MATRIXKEY
OBJECT MODULE PLACED IN MatrixKey.OBJ
COMPILER INVOKED BY: F:\单片机\C51\BIN\C51.EXE MatrixKey.c BROWSE DEBUG OBJECTEXTEND

line level    source

   1          #include<regx52.h>
   2          #include"delay.h"
   3          
   4          /**
   5            *@brief       矩阵键盘读出按键键码
   6            @param         无
   7            @retval        KeyNumber按下按键的键码值
   8                 如果按键按下不放，程序会停留在此函数，松手一瞬间返回按键键码
   9                     没有按键返回零
  10          */
  11          unsigned char MatrixKey()
  12          {
  13   1          unsigned char KeyNumber=0;
  14   1              P1=0xff;
  15   1              P1_3=0;//先列后行
  16   1              if(P1_7==0){ Delay(20);while(P1_7==0); Delay(20);KeyNumber=1;}  
  17   1              if(P1_6==0){Delay(20);while(P1_6==0);Delay(20);KeyNumber=5;}    
  18   1          if(P1_5==0){Delay(20); while(P1_5==0); Delay(20);KeyNumber=9;}      
  19   1              if(P1_4==0){ Delay(20); while(P1_4==0);Delay(20);KeyNumber=13;} 
  20   1      
  21   1              P1=0xff;
  22   1              P1_2=0;
  23   1              if(P1_7==0){ Delay(20);while(P1_7==0); Delay(20);KeyNumber=2;}  
  24   1              if(P1_6==0){Delay(20);while(P1_6==0);Delay(20);KeyNumber=6;}    
  25   1          if(P1_5==0){Delay(20); while(P1_5==0); Delay(20);KeyNumber=10;}     
  26   1              if(P1_4==0){ Delay(20); while(P1_4==0);Delay(20);KeyNumber=14;} 
  27   1      
  28   1      
  29   1              P1=0xff;
  30   1              P1_1=0;
  31   1              if(P1_7==0){ Delay(20);while(P1_7==0); Delay(20);KeyNumber=3;}  
  32   1              if(P1_6==0){Delay(20);while(P1_6==0);Delay(20);KeyNumber=7;}    
  33   1          if(P1_5==0){Delay(20); while(P1_5==0); Delay(20);KeyNumber=11;}     
  34   1              if(P1_4==0){ Delay(20); while(P1_4==0);Delay(20);KeyNumber=15;} 
  35   1      
  36   1      
  37   1              P1=0xff;
  38   1              P1_0=0;
  39   1              if(P1_7==0){ Delay(20);while(P1_7==0); Delay(20);KeyNumber=4;}  
  40   1              if(P1_6==0){Delay(20);while(P1_6==0);Delay(20);KeyNumber=8;}    
  41   1          if(P1_5==0){Delay(20); while(P1_5==0); Delay(20);KeyNumber=12;}     
  42   1              if(P1_4==0){ Delay(20); while(P1_4==0);Delay(20);KeyNumber=16;} 
  43   1              return KeyNumber;  
  44   1      
  45   1      }


MODULE INFORMATION:   STATIC OVERLAYABLE
   CODE SIZE        =    393    ----
   CONSTANT SIZE    =   ----    ----
   XDATA SIZE       =   ----    ----
   PDATA SIZE       =   ----    ----
   DATA SIZE        =   ----       1
   IDATA SIZE       =   ----    ----
   BIT SIZE         =   ----    ----
C51 COMPILER V9.00   MATRIXKEY                                                             08/11/2023 00:25:34 PAGE 2   

END OF MODULE INFORMATION.


C51 COMPILATION COMPLETE.  0 WARNING(S),  0 ERROR(S)
